###############################################################################
#
# IAR ELF Linker V3.11.1.207 for STM8                     06/Jan/2020  19:16:23
# Copyright 2010-2019 IAR Systems AB.
#
#    Output file  =  
#        C:\Users\Administrator\Desktop\stm8_learn\OLED12864\OLED12864_001\Debug\Exe\OLED12864.out
#    Map file     =  
#        C:\Users\Administrator\Desktop\stm8_learn\OLED12864\OLED12864_001\Debug\List\OLED12864.map
#    Command line =  
#        -f C:\Users\ADMINI~1\AppData\Local\Temp\EW6BF2.tmp
#        (C:\Users\Administrator\Desktop\stm8_learn\OLED12864\OLED12864_001\Debug\Obj\iic.o
#        C:\Users\Administrator\Desktop\stm8_learn\OLED12864\OLED12864_001\Debug\Obj\main.o
#        C:\Users\Administrator\Desktop\stm8_learn\OLED12864\OLED12864_001\Debug\Obj\OLED12864.o
#        C:\Users\Administrator\Desktop\stm8_learn\OLED12864\OLED12864_001\Debug\Obj\stm_init.o
#        C:\Users\Administrator\Desktop\stm8_learn\OLED12864\OLED12864_001\Debug\Obj\uart1.o
#        --redirect _Printf=_PrintfFullNoMb --redirect _Scanf=_ScanfFullNoMb
#        --no_out_extension -o
#        C:\Users\Administrator\Desktop\stm8_learn\OLED12864\OLED12864_001\Debug\Exe\OLED12864.out
#        --map
#        C:\Users\Administrator\Desktop\stm8_learn\OLED12864\OLED12864_001\Debug\List\OLED12864.map
#        --config "C:\Program Files (x86)\IAR Systems\Embedded Workbench
#        8.3\stm8\config\lnkstm8s208mb.icf" --config_def _CSTACK_SIZE=0x100
#        --config_def _HEAP_SIZE=0x100 --entry __iar_program_start --debug_lib)
#
###############################################################################

*******************************************************************************
*** RUNTIME MODEL ATTRIBUTES
***

__SystemLibrary            = DLib
__code_model               = small
__core                     = stm8
__data_model               = medium
__dlib_file_descriptor     = 0
__dlib_full_locale_support = 0
__rt_version               = 4


*******************************************************************************
*** PLACEMENT SUMMARY
***

"A0":  place at start of [0x000000-0x0000ff] { rw section .vregs };
"A1":  place at end of [0x000000-0x0017ff] { block CSTACK };
"P2":  place in [from 0x000000 to 0x0017ff] {
          block HEAP, rw section __DLIB_PERTHREAD, rw section .far.bss,
          rw section .far.data, rw section .far.noinit,
          rw section .far_func.textrw, rw section .huge.bss,
          rw section .huge.data, rw section .huge.noinit,
          rw section .huge_func.textrw, rw section .iar.dynexit,
          rw section .near.bss, rw section .near.data, rw section .near.noinit,
          rw section .near_func.textrw };
"A2":  place at start of [0x008000-0x00ffff] { block INTVEC };
"P3":  place in [from 0x008000 to 0x00ffff] {
          ro section __DLIB_PERTHREAD_init, ro section .far.data_init,
          ro section .far_func.textrw_init, ro section .huge.data_init,
          ro section .huge_func.textrw_init, ro section .iar.init_table,
          ro section .init_array, ro section .near.data_init,
          ro section .near.rodata, ro section .near_func.text,
          ro section .near_func.textrw_init, ro section .tiny.data_init,
          ro section .tiny.rodata_init };
do not initialize {
   rw section .eeprom.noinit, rw section .far.noinit, rw section .huge.noinit,
   rw section .near.noinit, rw section .tiny.noinit, rw section .vregs };
initialize by copy {
   rw section .far.bss, rw section .far.data, rw section .far_func.textrw,
   rw section .huge.bss, rw section .huge.data, rw section .huge_func.textrw,
   rw section .iar.dynexit, rw section .near.bss, rw section .near.data,
   rw section .near_func.textrw, rw section .tiny.bss, rw section .tiny.data,
   ro section .tiny.rodata };

No sections matched the following patterns:

  ro section .far.data_init          in "P3"
  ro section .far.rodata             in "P4"
  ro section .far_func.text          in "P4"
  ro section .far_func.textrw_init   in "P3"
  ro section .huge.data_init         in "P3"
  ro section .huge.rodata            in "P5"
  ro section .huge_func.text         in "P5"
  ro section .huge_func.textrw_init  in "P3"
  ro section .iar.init_table         in "P3"
  ro section .init_array             in "P3"
  ro section .near_func.textrw_init  in "P3"
  ro section .tiny.data_init         in "P3"
  ro section .tiny.rodata_init       in "P3"
  ro section __DLIB_PERTHREAD_init   in "P3"
  rw section .far.bss                in "P2"
  rw section .far.data               in "P2"
  rw section .far.noinit             in "P2"
  rw section .far_func.textrw        in "P2"
  rw section .huge.bss               in "P2"
  rw section .huge.data              in "P2"
  rw section .huge.noinit            in "P2"
  rw section .huge_func.textrw       in "P2"
  rw section .iar.dynexit            in "P2"
  rw section .near.bss               in "P2"
  rw section .near.noinit            in "P2"
  rw section .near_func.textrw       in "P2"
  rw section .tiny.bss               in "P1"
  rw section .tiny.data              in "P1"
  rw section .tiny.noinit            in "P1"
  rw section .tiny.rodata            in "P1"
  rw section __DLIB_PERTHREAD        in "P2"
  section .eeprom.data               in "P6-P8"
  section .eeprom.noinit             in "P6-P8"
  section .eeprom.rodata             in "P6-P8"


  Section            Kind      Address    Size  Object
  -------            ----      -------    ----  ------
"A0":                                     0x10
  .vregs             uninit   0x000000    0x10  vregs.o [4]
                            - 0x000010    0x10

"P2":                                    0xfd8
  P2-1                        0x000010   0xfd8  <Init block>
    .near.data       inited   0x000010   0x228  main.o [1]
    .near.data       inited   0x000238   0x5f0  main.o [1]
    .near.data       inited   0x000828   0x2c0  main.o [1]
    .near.data       inited   0x000ae8   0x480  main.o [1]
    .near.data       inited   0x000f68    0x80  main.o [1]
                            - 0x000fe8   0xfd8

"A1":                                    0x100
  CSTACK                      0x001700   0x100  <Block>
    CSTACK           uninit   0x001700   0x100  <Block tail>
                            - 0x001800   0x100

Absolute sections, part 1 of 3:            0x5
  .near.noinit       uninit   0x005014     0x1  iic.o [1]
  .near.noinit       uninit   0x005015     0x1  iic.o [1]
  .near.noinit       uninit   0x005016     0x1  iic.o [1]
  .near.noinit       uninit   0x005017     0x1  iic.o [1]
  .near.noinit       uninit   0x005018     0x1  iic.o [1]
                            - 0x005019     0x5

Absolute sections, part 2 of 3:            0x1
  .near.noinit       uninit   0x0050c6     0x1  main.o [1]
                            - 0x0050c7     0x1

Absolute sections, part 3 of 3:            0x7
  .near.noinit       uninit   0x005230     0x1  uart1.o [1]
  .near.noinit       uninit   0x005231     0x1  uart1.o [1]
  .near.noinit       uninit   0x005232     0x1  uart1.o [1]
  .near.noinit       uninit   0x005233     0x1  uart1.o [1]
  .near.noinit       uninit   0x005234     0x1  uart1.o [1]
  .near.noinit       uninit   0x005235     0x1  uart1.o [1]
  .near.noinit       uninit   0x005236     0x1  uart1.o [1]
                            - 0x005237     0x7

"A2":                                     0x80
  INTVEC                      0x008000    0x80  <Block>
    .intvec          const    0x008000    0x80  interrupt.o [4]
                            - 0x008080    0x80

"P3":                                   0x315d
  Initializer bytes  const    0x008080   0xfd8  <for P2-1>
  .near_func.text    ro code  0x009058   0x460  float.o [4]
  .near_func.text    ro code  0x0094b8   0x45d  xprintffull_nomb.o [4]
  .near_func.text    ro code  0x009915   0x412  xprintffull_nomb.o [4]
  .near_func.text    ro code  0x009d27   0x38c  OLED12864.o [1]
  .near_func.text    ro code  0x00a0b3   0x383  xprintffull_nomb.o [4]
  .near_func.text    ro code  0x00a436   0x1b7  long.o [4]
  .near_func.text    ro code  0x00a5ed   0x176  xprintffull_nomb.o [4]
  .near_func.text    ro code  0x00a763   0x161  float_libsup.o [4]
  .near_func.text    ro code  0x00a8c4    0xf1  vreg_util.o [4]
  .near_func.text    ro code  0x00a9b5    0xee  OLED12864.o [1]
  .near_func.text    ro code  0x00aaa3    0x92  main.o [1]
  .near_func.text    ro code  0x00ab35    0x79  iic.o [1]
  .near_func.text    ro code  0x00abae    0x72  long_util.o [4]
  .near_func.text    ro code  0x00ac20    0x43  xprintffull_nomb.o [4]
  .near_func.text    ro code  0x00ac63    0x41  xprintffull_nomb.o [4]
  .near_func.text    const    0x00aca4    0x3c  xprintffull_nomb.o [4]
  .near_func.text    ro code  0x00ace0    0x37  short.o [4]
  .near_func.text    ro code  0x00ad17    0x37  xprintffull_nomb.o [4]
  .near_func.text    ro code  0x00ad4e    0x33  xprintffull_nomb.o [4]
  .near_func.text    ro code  0x00ad81    0x30  div.o [4]
  .near_func.text    ro code  0x00adb1    0x2f  xprintffull_nomb.o [4]
  .near_func.text    ro code  0x00ade0    0x28  init_small.o [4]
  .near_func.text    ro code  0x00ae08    0x24  iic.o [1]
  .near_func.text    ro code  0x00ae2c    0x24  iic.o [1]
  .near_func.text    ro code  0x00ae50    0x21  memchr.o [4]
  .iar.init_table    const    0x00ae71     0xa  - Linker created -
  .near_func.text    ro code  0x00ae7b    0x1f  dc_util.o [4]
  .near_func.text    ro code  0x00ae9a    0x1f  memcpy.o [4]
  .near_func.text    ro code  0x00aeb9    0x1e  OLED12864.o [1]
  .near_func.text    ro code  0x00aed7    0x1d  iic.o [1]
  .near_func.text    ro code  0x00aef4    0x1d  OLED12864.o [1]
  .near_func.text    ro code  0x00af11    0x1d  stm_init.o [1]
  .near_func.text    ro code  0x00af2e    0x1d  printf.o [4]
  .near.rodata       const    0x00af4b    0x1c  main.o [1]
  .near_func.text    ro code  0x00af67    0x1b  xprout.o [4]
  .near_func.text    ro code  0x00af82    0x1a  uart1.o [1]
  .near.rodata       const    0x00af9c    0x18  main.o [1]
  .near.rodata       const    0x00afb4    0x17  main.o [1]
  .near.rodata       const    0x00afcb    0x16  main.o [1]
  .near.rodata       const    0x00afe1    0x16  main.o [1]
  .near.rodata       const    0x00aff7    0x15  main.o [1]
  .near_func.text    ro code  0x00b00c    0x15  uart1.o [1]
  .near_func.text    ro code  0x00b021    0x15  strchr.o [4]
  .near_func.text    ro code  0x00b036    0x14  init.o [4]
  .near_func.text    ro code  0x00b04a    0x14  xprintffull_nomb.o [4]
  .near_func.text    ro code  0x00b05e    0x14  __dbg_xxexit.o [3]
  .near.rodata       const    0x00b072    0x13  main.o [1]
  .near_func.text    ro code  0x00b085    0x13  cstartup.o [4]
  .near.rodata       const    0x00b098    0x12  main.o [1]
  .near.rodata       const    0x00b0aa    0x12  main.o [1]
  .near_func.text    ro code  0x00b0bc     0xd  iic.o [1]
  .near_func.text    ro code  0x00b0c9     0xd  strlen.o [4]
  .near_func.text    ro code  0x00b0d6     0xd  move.o [4]
  .near_func.text    ro code  0x00b0e3     0xc  xprintffull_nomb.o [4]
  .near_func.text    ro code  0x00b0ef     0xc  switch.o [4]
  .near.rodata       const    0x00b0fb     0xb  OLED12864.o [1]
  .near_func.text    ro code  0x00b106     0xb  xprintffull_nomb.o [4]
  .near_func.text    ro code  0x00b111     0xb  xprintffull_nomb.o [4]
  .near_func.text    ro code  0x00b11c     0xb  xprintffull_nomb.o [4]
  .near_func.text    ro code  0x00b127     0xa  xprintffull_nomb.o [4]
  .near_func.text    ro code  0x00b131     0x9  stm_init.o [1]
  .near_func.text    ro code  0x00b13a     0x9  xprintffull_nomb.o [4]
  .near_func.text    ro code  0x00b143     0x9  xprintffull_nomb.o [4]
  .near_func.text    ro code  0x00b14c     0x9  xprintffull_nomb.o [4]
  .near_func.text    ro code  0x00b155     0x8  xprintffull_nomb.o [4]
  .near_func.text    ro code  0x00b15d     0x8  xprintffull_nomb.o [4]
  .near_func.text    ro code  0x00b165     0x8  xprintffull_nomb.o [4]
  .near_func.text    ro code  0x00b16d     0x8  xprintffull_nomb.o [4]
  .near.rodata       const    0x00b175     0x7  xprintffull_nomb.o [4]
  .near_func.text    ro code  0x00b17c     0x7  xprintffull_nomb.o [4]
  .near_func.text    ro code  0x00b183     0x7  xprintffull_nomb.o [4]
  .near.rodata       const    0x00b18a     0x6  OLED12864.o [1]
  .near.rodata       const    0x00b190     0x6  OLED12864.o [1]
  .near_func.text    ro code  0x00b196     0x6  xprintffull_nomb.o [4]
  .near_func.text    ro code  0x00b19c     0x6  xprintffull_nomb.o [4]
  .near_func.text    ro code  0x00b1a2     0x6  xprintffull_nomb.o [4]
  .near_func.text    ro code  0x00b1a8     0x6  xprintffull_nomb.o [4]
  .near_func.text    ro code  0x00b1ae     0x6  xprintffull_nomb.o [4]
  .near_func.text    ro code  0x00b1b4     0x5  xprintffull_nomb.o [4]
  .near_func.text    ro code  0x00b1b9     0x5  cexit.o [4]
  .near.rodata       const    0x00b1be     0x4  xprintffull_nomb.o [4]
  .near.rodata       const    0x00b1c2     0x4  xprintffull_nomb.o [4]
  .near.rodata       const    0x00b1c6     0x4  xprintffull_nomb.o [4]
  .near.rodata       const    0x00b1ca     0x4  xprintffull_nomb.o [4]
  .near_func.text    ro code  0x00b1ce     0x3  interrupt.o [4]
  .near_func.text    ro code  0x00b1d1     0x3  low_level_init.o [4]
  .near_func.text    ro code  0x00b1d4     0x3  exit.o [4]
  .near_func.text    ro code  0x00b1d7     0x3  unhandled_exception.o [4]
  .near.rodata       const    0x00b1da     0x2  xprintffull_nomb.o [4]
  .near_func.text    ro code  0x00b1dc     0x1  __dbg_break.o [3]
                            - 0x00b1dd  0x315d


*******************************************************************************
*** INIT TABLE
***

          Address   Size
          -------   ----
Copy (__iar_copy_init2)
    1 source range, total size 0xfd8:
          0x008080  0xfd8
    1 destination range, total size 0xfd8:
          0x000010  0xfd8



*******************************************************************************
*** MODULE SUMMARY
***

    Module                 ro code  ro data  rw data  rw data
                                                       (abs)
    ------                 -------  -------  -------  -------
C:\Users\Administrator\Desktop\stm8_learn\OLED12864\OLED12864_001\Debug\Obj: [1]
    OLED12864.o              1 205       23
    iic.o                      235                          5
    main.o                     146    4 251    4 056        1
    stm_init.o                  38
    uart1.o                     47                          7
    ---------------------------------------------------------
    Total:                   1 671    4 274    4 056       13

command line: [2]
    ---------------------------------------------------------
    Total:

dbgstm8smd.a: [3]
    __dbg_break.o                1
    __dbg_xxexit.o              20
    ---------------------------------------------------------
    Total:                      21

dlstm8smn.a: [4]
    cexit.o                      5
    cstartup.o                  19
    dc_util.o                   31
    div.o                       48
    exit.o                       3
    float.o                  1 120
    float_libsup.o             353
    init.o                      20
    init_small.o                40
    interrupt.o                  3      128
    long.o                     439
    long_util.o                114
    low_level_init.o             3
    memchr.o                    33
    memcpy.o                    31
    move.o                      13
    printf.o                    29
    short.o                     55
    strchr.o                    21
    strlen.o                    13
    switch.o                    12
    unhandled_exception.o        3
    vreg_util.o                241
    vregs.o                                       16
    xprintffull_nomb.o       3 900       85
    xprout.o                    27
    ---------------------------------------------------------
    Total:                   6 576      213       16

    Linker created                       10      256
-------------------------------------------------------------
    Grand Total:             8 268    4 497    4 328       13


*******************************************************************************
*** ENTRY LIST
***

Entry                    Address   Size  Type      Object
-----                    -------   ----  ----      ------
.iar.init_table$$Base   0x00ae71          --   Gb  - Linker created -
.iar.init_table$$Limit  0x00ae7b          --   Gb  - Linker created -
?and32_l0_l0_0x         0x00a5a8         Code  Gb  long.o [4]
?and32_l0_l0_l1         0x00a5a5         Code  Gb  long.o [4]
?b0                     0x000000         Data  Gb  vregs.o [4]
?b1                     0x000001         Data  Gb  vregs.o [4]
?b10                    0x00000a         Data  Gb  vregs.o [4]
?b11                    0x00000b         Data  Gb  vregs.o [4]
?b12                    0x00000c         Data  Gb  vregs.o [4]
?b13                    0x00000d         Data  Gb  vregs.o [4]
?b14                    0x00000e         Data  Gb  vregs.o [4]
?b15                    0x00000f         Data  Gb  vregs.o [4]
?b2                     0x000002         Data  Gb  vregs.o [4]
?b3                     0x000003         Data  Gb  vregs.o [4]
?b4                     0x000004         Data  Gb  vregs.o [4]
?b5                     0x000005         Data  Gb  vregs.o [4]
?b6                     0x000006         Data  Gb  vregs.o [4]
?b7                     0x000007         Data  Gb  vregs.o [4]
?b8                     0x000008         Data  Gb  vregs.o [4]
?b9                     0x000009         Data  Gb  vregs.o [4]
?dc32_l1                0x00ae82         Code  Gb  dc_util.o [4]
?dc32_px                0x00ae8f         Code  Gb  dc_util.o [4]
?dc8_px                 0x00ae7b         Code  Gb  dc_util.o [4]
?e0                     0x000001         Data  Gb  vregs.o [4]
?e1                     0x000005         Data  Gb  vregs.o [4]
?e2                     0x000009         Data  Gb  vregs.o [4]
?e3                     0x00000d         Data  Gb  vregs.o [4]
?epilogue_l2            0x00a942         Code  Gb  vreg_util.o [4]
?epilogue_l2_l3         0x00a93f         Code  Gb  vreg_util.o [4]
?epilogue_w4            0x00a946         Code  Gb  vreg_util.o [4]
?fadd32_l0_l0_l1        0x00907b         Code  Gb  float.o [4]
?fcastf32s32_l0_l0      0x009373         Code  Gb  float.o [4]
?fcastf32u32_l0_l0      0x00937e         Code  Gb  float.o [4]
?fcasts32f32_l0_l0      0x009312         Code  Gb  float.o [4]
?fcastu32f32_l0_l0      0x0092fb         Code  Gb  float.o [4]
?fcmpge32_c_l0_0x       0x00929c         Code  Gb  float.o [4]
?fcmpge32_c_l0_dc32     0x009297         Code  Gb  float.o [4]
?fcmplt32_c_l0_0x       0x0092a5         Code  Gb  float.o [4]
?fcmplt32_c_l0_dc32     0x0092a0         Code  Gb  float.o [4]
?fdiv32_l0_l0_l1        0x0091e9         Code  Gb  float.o [4]
?fmul32_l0_l0_dc32      0x009149         Code  Gb  float.o [4]
?fmul32_l0_l0_l1        0x00914e         Code  Gb  float.o [4]
?fsub32_l0_l0_l1        0x009075         Code  Gb  float.o [4]
?l0                     0x000000         Data  Gb  vregs.o [4]
?l1                     0x000004         Data  Gb  vregs.o [4]
?l2                     0x000008         Data  Gb  vregs.o [4]
?l3                     0x00000c         Data  Gb  vregs.o [4]
?load32_0x_l0           0x00abf3         Code  Gb  long_util.o [4]
?load32_0x_l2           0x00ac12         Code  Gb  long_util.o [4]
?load32_asp_l0          0x00abe7         Code  Gb  long_util.o [4]
?load32_asp_l2          0x00ac06         Code  Gb  long_util.o [4]
?load32_dbsp_l0         0x00abe2         Code  Gb  long_util.o [4]
?load32_dbsp_l2         0x00ac01         Code  Gb  long_util.o [4]
?load32_l0_0x           0x00abbe         Code  Gb  long_util.o [4]
?load32_l0_asp          0x00abb3         Code  Gb  long_util.o [4]
?load32_l0_dbsp         0x00abae         Code  Gb  long_util.o [4]
?load32_l0_xsp          0x00abb5         Code  Gb  long_util.o [4]
?load32_l1_0x           0x00abca         Code  Gb  long_util.o [4]
?load32_l2_0x           0x00abd6         Code  Gb  long_util.o [4]
?load32_xsp_l0          0x00abe9         Code  Gb  long_util.o [4]
?load32_xsp_l2          0x00ac08         Code  Gb  long_util.o [4]
?mov_e0_e1              0x00a977         Code  Gb  vreg_util.o [4]
?mov_e0_e2              0x00a984         Code  Gb  vreg_util.o [4]
?mov_e1_e0              0x00a991         Code  Gb  vreg_util.o [4]
?mov_e1_e2              0x00a99e         Code  Gb  vreg_util.o [4]
?mov_e2_e0              0x00a9ab         Code  Gb  vreg_util.o [4]
?mov_l0_l1              0x00a974         Code  Gb  vreg_util.o [4]
?mov_l0_l2              0x00a981         Code  Gb  vreg_util.o [4]
?mov_l1_l0              0x00a98e         Code  Gb  vreg_util.o [4]
?mov_l1_l2              0x00a99b         Code  Gb  vreg_util.o [4]
?mov_l2_l0              0x00a9a8         Code  Gb  vreg_util.o [4]
?mov_w0_w5              0x00a94a         Code  Gb  vreg_util.o [4]
?mov_w1_w3              0x00a97a         Code  Gb  vreg_util.o [4]
?mov_w1_w5              0x00a987         Code  Gb  vreg_util.o [4]
?mov_w2_w0              0x00a951         Code  Gb  vreg_util.o [4]
?mov_w2_w1              0x00a958         Code  Gb  vreg_util.o [4]
?mov_w3_w1              0x00a994         Code  Gb  vreg_util.o [4]
?mov_w3_w5              0x00a9a1         Code  Gb  vreg_util.o [4]
?mov_w4_w0              0x00a95f         Code  Gb  vreg_util.o [4]
?mov_w4_w1              0x00a966         Code  Gb  vreg_util.o [4]
?mov_w5_w0              0x00a96d         Code  Gb  vreg_util.o [4]
?mov_w5_w1              0x00a9ae         Code  Gb  vreg_util.o [4]
?move1616_v_x_y_a       0x00b0d6         Code  Gb  move.o [4]
?mul16_x_x_w0           0x00ace0         Code  Gb  short.o [4]
?mul32_l0_l0_0x         0x00a449         Code  Gb  long.o [4]
?mul32_l0_l0_dl         0x00a446         Code  Gb  long.o [4]
?mul32_l0_l0_l1         0x00a452         Code  Gb  long.o [4]
?neg32_l0_l0            0x00a436         Code  Gb  long.o [4]
?pop_l2                 0x00a921         Code  Gb  vreg_util.o [4]
?pop_l3                 0x00a92c         Code  Gb  vreg_util.o [4]
?pop_w4                 0x00a8e6         Code  Gb  vreg_util.o [4]
?push_l0                0x00a8f5         Code  Gb  vreg_util.o [4]
?push_l2                0x00a8fa         Code  Gb  vreg_util.o [4]
?push_l3                0x00a8ff         Code  Gb  vreg_util.o [4]
?push_w0                0x00a8c4         Code  Gb  vreg_util.o [4]
?push_w1                0x00a8c9         Code  Gb  vreg_util.o [4]
?push_w4                0x00a8ce         Code  Gb  vreg_util.o [4]
?scmp32_c_l0_l1         0x00a58e         Code  Gb  long.o [4]
?sdiv16_x_x_y           0x00acfe         Code  Gb  short.o [4]
?sdiv32_l0_l0_dl        0x00a545         Code  Gb  long.o [4]
?sdiv32_l0_l0_l1        0x00a548         Code  Gb  long.o [4]
?sext32_l0_a            0x00a5e0         Code  Gb  long.o [4]
?sext32_l0_x            0x00a5d5         Code  Gb  long.o [4]
?smod32_l1_l0_l1        0x00a548         Code  Gb  long.o [4]
?sra32_0x_0x_a          0x00a5c7         Code  Gb  long.o [4]
?sra32_l0_l0_a          0x00a5c4         Code  Gb  long.o [4]
?sra32_l0_l0_db         0x00a5c0         Code  Gb  long.o [4]
?switch8vlt_0x_a_0x     0x00b0ef         Code  Gb  switch.o [4]
?udiv32_l0_l0_dl        0x00a4d5         Code  Gb  long.o [4]
?udiv32_l0_l0_l1        0x00a4d8         Code  Gb  long.o [4]
?umod32_l1_l0_dl        0x00a4d0         Code  Gb  long.o [4]
?umod32_l1_l0_l1        0x00a4d8         Code  Gb  long.o [4]
?w0                     0x000000         Data  Gb  vregs.o [4]
?w1                     0x000002         Data  Gb  vregs.o [4]
?w2                     0x000004         Data  Gb  vregs.o [4]
?w3                     0x000006         Data  Gb  vregs.o [4]
?w4                     0x000008         Data  Gb  vregs.o [4]
?w5                     0x00000a         Data  Gb  vregs.o [4]
?w6                     0x00000c         Data  Gb  vregs.o [4]
?w7                     0x00000e         Data  Gb  vregs.o [4]
CSTACK$$Base            0x001700          --   Gb  - Linker created -
CSTACK$$Limit           0x001800          --   Gb  - Linker created -
F16x16                  0x000828  0x2c0  Data  Gb  main.o [1]
F16x32                  0x000ae8  0x480  Data  Gb  main.o [1]
F32x32                  0x000f68   0x80  Data  Gb  main.o [1]
F6x8                    0x000010  0x228  Data  Gb  main.o [1]
F8X16                   0x000238  0x5f0  Data  Gb  main.o [1]
I2C_SDA_DDR             0x00aed7   0x1d  Code  Gb  iic.o [1]
I2C_Start               0x00ae08   0x24  Code  Gb  iic.o [1]
I2C_Stop                0x00ae2c   0x24  Code  Gb  iic.o [1]
I2C_WBit                0x00ab35   0x79  Code  Gb  iic.o [1]
I2C_init                0x00b0bc    0xd  Code  Gb  iic.o [1]
INTVEC$$Base            0x008000          --   Gb  - Linker created -
INTVEC$$Limit           0x008080          --   Gb  - Linker created -
LoadInt                 0x00ac63   0x41  Code  Lc  xprintffull_nomb.o [4]
OLED_CLS                0x00a9d8   0x32  Code  Gb  OLED12864.o [1]
OLED_Display            0x00a00c   0xa7  Code  Gb  OLED12864.o [1]
OLED_P16x16Ch           0x009e3c   0x68  Code  Gb  OLED12864.o [1]
OLED_P16x32Ch           0x009ea4   0xb4  Code  Gb  OLED12864.o [1]
OLED_P32x32Ch           0x009f58   0xb4  Code  Gb  OLED12864.o [1]
OLED_P6x8Str            0x009d27   0x72  Code  Gb  OLED12864.o [1]
OLED_P8x16Str           0x009d99   0xa3  Code  Gb  OLED12864.o [1]
OLED_SetPos             0x00a9b5   0x23  Code  Gb  OLED12864.o [1]
OLED_Wcmd               0x00aef4   0x1d  Code  Gb  OLED12864.o [1]
OLED_Wdata              0x00aeb9   0x1e  Code  Gb  OLED12864.o [1]
OLED_init               0x00aa0a   0x99  Code  Gb  OLED12864.o [1]
Region$$Table$$Base     0x00ae71          --   Gb  - Linker created -
Region$$Table$$Limit    0x00ae7b          --   Gb  - Linker created -
UART1_BRR1              0x005232    0x1  Data  Gb  uart1.o [1]
UART1_BRR2              0x005233    0x1  Data  Gb  uart1.o [1]
UART1_DR                0x005231    0x1  Data  Gb  uart1.o [1]
_A_CLK_CKDIVR           0x0050c6    0x1  Data  Gb  main.o [1]
_A_PE_CR1               0x005017    0x1  Data  Gb  iic.o [1]
_A_PE_CR2               0x005018    0x1  Data  Gb  iic.o [1]
_A_PE_DDR               0x005016    0x1  Data  Gb  iic.o [1]
_A_PE_IDR               0x005015    0x1  Data  Gb  iic.o [1]
_A_PE_ODR               0x005014    0x1  Data  Gb  iic.o [1]
_A_UART1_CR1            0x005234    0x1  Data  Gb  uart1.o [1]
_A_UART1_CR2            0x005235    0x1  Data  Gb  uart1.o [1]
_A_UART1_CR3            0x005236    0x1  Data  Gb  uart1.o [1]
_A_UART1_SR             0x005230    0x1  Data  Gb  uart1.o [1]
_GenldFullNoMb          0x00a0b3  0x383  Code  Lc  xprintffull_nomb.o [4]
_LdtobFullNoMb          0x009915  0x412  Code  Lc  xprintffull_nomb.o [4]
_LitobFullNoMb          0x00a5ed  0x176  Code  Lc  xprintffull_nomb.o [4]
_PrintfFullNoMb         0x0094b8  0x45d  Code  Gb  xprintffull_nomb.o [4]
_Prout                  0x00af67   0x1b  Code  Gb  xprout.o [4]
_PutcharFullNoMb        0x00adb1   0x2f  Code  Lc  xprintffull_nomb.o [4]
_PutcharsFullNoMb       0x00ad4e   0x33  Code  Lc  xprintffull_nomb.o [4]
__DebugBreak            0x00b1dc    0x1  Code  Gb  __dbg_break.o [3]
__exit                  0x00b05e   0x14  Code  Gb  __dbg_xxexit.o [3]
__iar_Dnorm             0x00a763         Code  Gb  float_libsup.o [4]
__iar_Dscale            0x00a7f1         Code  Gb  float_libsup.o [4]
__iar_Dunscale          0x00a79f         Code  Gb  float_libsup.o [4]
__iar_Memchr            0x00ae50   0x21  Code  Gb  memchr.o [4]
__iar_Strchr            0x00b021   0x15  Code  Gb  strchr.o [4]
__iar_copy_init2        0x00ade0         Code  Gb  init_small.o [4]
__iar_data_init2        0x00b036   0x14  Code  Gb  init.o [4]
__iar_program_start     0x00b085         Code  Gb  cstartup.o [4]
__iar_unhandled_exception
                        0x00b1d7         Code  Gb  unhandled_exception.o [4]
__intvec                0x008000         Data  Gb  interrupt.o [4]
__low_level_init        0x00b1d1    0x3  Code  Gb  low_level_init.o [4]
_exit                   0x00b1b9         Code  Gb  cexit.o [4]
delay                   0x00b131    0x9  Code  Gb  stm_init.o [1]
delayms                 0x00af11   0x1d  Code  Gb  stm_init.o [1]
div                     0x00ad81   0x30  Code  Gb  div.o [4]
exit                    0x00b1d4    0x3  Code  Gb  exit.o [4]
main                    0x00aaa3   0x92  Code  Gb  main.o [1]
memcpy                  0x00ae9a   0x1f  Code  Gb  memcpy.o [4]
pad                     0x00ad17   0x37  Code  Lc  xprintffull_nomb.o [4]
printf                  0x00af2e   0x1d  Code  Gb  printf.o [4]
putchar                 0x00af93    0x9  Code  Gb  uart1.o [1]
scale                   0x00ac20   0x43  Code  Lc  xprintffull_nomb.o [4]
strlen                  0x00b0c9    0xd  Code  Gb  strlen.o [4]
uart1_init              0x00b00c   0x15  Code  Gb  uart1.o [1]
uart1_sendByte          0x00af82   0x11  Code  Gb  uart1.o [1]


[1] = C:\Users\Administrator\Desktop\stm8_learn\OLED12864\OLED12864_001\Debug\Obj
[2] = command line
[3] = dbgstm8smd.a
[4] = dlstm8smn.a

  8 268 bytes of readonly  code memory
  4 497 bytes of readonly  data memory
  4 328 bytes of readwrite data memory (+ 13 absolute)

Errors: none
Warnings: none
